// Jest Snapshot v1, https://goo.gl/fbAQLP

exports[`query.joke should match snapshot 1`] = `
Object {
  "joke": Object {
    "category": "NERDY",
    "text": "Mock Chuck Norris's database has only one table, 'Kick', which he DROPs frequently.",
  },
}
`;
